// Jest Snapshot v1, https://goo.gl/fbAQLP

exports[`renders correctly 1`] = `
<div
  className="omg-form"
>
  <h2
    className="omg-form__title"
  >
    You will get a password reset email shortly
  </h2>
  <h3
    className="omg-form__subtitle"
  >
    Please check your email.
  </h3>
  <button
    className="btn btn-omg-blue btn btn-omg-blue-primary"
    disabled={false}
    onClick={[Function]}
    type="button"
  >
    Back to sign in
  </button>
</div>
`;
